// Jest Snapshot v1, https://goo.gl/fbAQLP

exports[`Server Snapshot should match the snapshot 1`] = `{}`;
